// Vitest Snapshot v1, https://vitest.dev/guide/snapshot.html

exports[`Reviews Component > matches snapshot 1`] = `
<DocumentFragment>
  <style
    data-mantine-styles="true"
  >
    :root{--mantine-font-family: Poppins, Roboto, Helvetica, Arial, sans-serif, Apple Color Emoji, Segoe UI Emoji;--mantine-font-family-headings: Poppins, Roboto, Helvetica, Arial, sans-serif, Apple Color Emoji, Segoe UI Emoji;--mantine-breakpoint-xs: 30em;--mantine-breakpoint-md: 64em;--mantine-breakpoint-xl: 90em;--mantine-breakpoint-xxs: 24em;--mantine-color-logo-theme-0: #fefefe;--mantine-color-logo-theme-1: #cbcfd2;--mantine-color-logo-theme-2: #97a0a6;--mantine-color-logo-theme-3: #7d8991;--mantine-color-logo-theme-4: #63717b;--mantine-color-logo-theme-5: #495a65;--mantine-color-logo-theme-6: #2f434f;--mantine-color-logo-theme-7: #132937;--mantine-color-logo-theme-8: #0b202e;--mantine-color-logo-theme-9: #061017;}:root[data-mantine-color-scheme="dark"]{--mantine-color-logo-theme-text: var(--mantine-color-logo-theme-4);--mantine-color-logo-theme-filled: var(--mantine-color-logo-theme-8);--mantine-color-logo-theme-filled-hover: var(--mantine-color-logo-theme-9);--mantine-color-logo-theme-light: rgba(47, 67, 79, 0.15);--mantine-color-logo-theme-light-hover: rgba(47, 67, 79, 0.2);--mantine-color-logo-theme-light-color: var(--mantine-color-logo-theme-3);--mantine-color-logo-theme-outline: var(--mantine-color-logo-theme-4);--mantine-color-logo-theme-outline-hover: rgba(99, 113, 123, 0.05);}:root[data-mantine-color-scheme="light"]{--mantine-color-logo-theme-text: var(--mantine-color-logo-theme-filled);--mantine-color-logo-theme-filled: var(--mantine-color-logo-theme-6);--mantine-color-logo-theme-filled-hover: var(--mantine-color-logo-theme-7);--mantine-color-logo-theme-light: rgba(47, 67, 79, 0.1);--mantine-color-logo-theme-light-hover: rgba(47, 67, 79, 0.12);--mantine-color-logo-theme-light-color: var(--mantine-color-logo-theme-6);--mantine-color-logo-theme-outline: var(--mantine-color-logo-theme-6);--mantine-color-logo-theme-outline-hover: rgba(47, 67, 79, 0.05);}
  </style>
  <style
    data-mantine-styles="classes"
  >
    @media (max-width: 29.99375em) {.mantine-visible-from-xs {display: none !important;}}@media (min-width: 30em) {.mantine-hidden-from-xs {display: none !important;}}@media (max-width: 47.99375em) {.mantine-visible-from-sm {display: none !important;}}@media (min-width: 48em) {.mantine-hidden-from-sm {display: none !important;}}@media (max-width: 63.99375em) {.mantine-visible-from-md {display: none !important;}}@media (min-width: 64em) {.mantine-hidden-from-md {display: none !important;}}@media (max-width: 74.99375em) {.mantine-visible-from-lg {display: none !important;}}@media (min-width: 75em) {.mantine-hidden-from-lg {display: none !important;}}@media (max-width: 89.99375em) {.mantine-visible-from-xl {display: none !important;}}@media (min-width: 90em) {.mantine-hidden-from-xl {display: none !important;}}@media (max-width: 23.99375em) {.mantine-visible-from-xxs {display: none !important;}}@media (min-width: 24em) {.mantine-hidden-from-xxs {display: none !important;}}
  </style>
  <div
    class="m_4081bf90 mantine-Group-root"
    style="--group-gap: var(--mantine-spacing-lg); --group-align: center; --group-justify: left; --group-wrap: wrap;"
  >
    <div
      class="_gridWidth_8ec61a m_6d731127 mantine-Stack-root"
      style="--stack-gap: var(--mantine-spacing-sm); --stack-align: stretch; --stack-justify: flex-start;"
    >
      <style
        data-mantine-styles="inline"
      >
        .__m__-r17{--grid-gutter:var(--mantine-spacing-md);}
      </style>
      <div
        class="m_410352e9 mantine-Grid-root __m__-r17"
        style="--grid-justify: Space-between;"
      >
        <div
          class="m_dee7bd2f mantine-Grid-inner"
        >
          <style
            data-mantine-styles="inline"
          >
            .__m__-r19{--col-flex-grow:1;--col-flex-basis:0rem;--col-max-width:100%;}
          </style>
          <div
            class="m_96bdd299 mantine-Grid-col __m__-r19"
          >
            <p
              class="mantine-focus-auto m_b6d8b162 mantine-Text-root"
              data-size="xl"
              style="--text-fz: var(--mantine-font-size-xl); --text-lh: var(--mantine-line-height-xl); font-weight: 700;"
            >
              Reviews
            </p>
          </div>
          <style
            data-mantine-styles="inline"
          >
            .__m__-r1c{--col-flex-grow:1;--col-flex-basis:0rem;--col-max-width:100%;}
          </style>
          <div
            class="m_96bdd299 mantine-Grid-col __m__-r1c"
          >
            <div
              class="m_8bffd616 mantine-Flex-root __m__-r1e"
              style="gap: calc(0.4375rem * var(--mantine-scale)); align-items: center; justify-content: right;"
            >
              <div
                data-size="sm"
                style="--rating-size: var(--rating-size-sm); --rating-color: var(--mantine-color-yellow-filled);"
              >
                <div
                  class="m_61734bb7 mantine-Rating-symbolGroup"
                >
                  <div
                    data-read-only="true"
                    style="--rating-item-z-index: 0;"
                  >
                    <div
                      class="m_fae05d6a mantine-Rating-symbolBody"
                      style="--rating-symbol-clip-path: inset(0 100% 0 0);"
                    >
                      <svg
                        class="m_5662a89a mantine-Rating-starSymbol"
                        data-filled="true"
                        fill="none"
                        stroke-linecap="round"
                        stroke-linejoin="round"
                        viewBox="0 0 24 24"
                        xmlns="http://www.w3.org/2000/svg"
                      >
                        <path
                          d="M12 17.75l-6.172 3.245l1.179 -6.873l-5 -4.867l6.9 -1l3.086 -6.253l3.086 6.253l6.9 1l-5 4.867l1.179 6.873z"
                        />
                      </svg>
                    </div>
                  </div>
                  <div
                    data-read-only="true"
                    style="--rating-item-z-index: 0;"
                  >
                    <div
                      class="m_fae05d6a mantine-Rating-symbolBody"
                      style="--rating-symbol-clip-path: inset(0 100% 0 0);"
                    >
                      <svg
                        class="m_5662a89a mantine-Rating-starSymbol"
                        data-filled="true"
                        fill="none"
                        stroke-linecap="round"
                        stroke-linejoin="round"
                        viewBox="0 0 24 24"
                        xmlns="http://www.w3.org/2000/svg"
                      >
                        <path
                          d="M12 17.75l-6.172 3.245l1.179 -6.873l-5 -4.867l6.9 -1l3.086 -6.253l3.086 6.253l6.9 1l-5 4.867l1.179 6.873z"
                        />
                      </svg>
                    </div>
                  </div>
                  <div
                    data-read-only="true"
                  >
                    <div
                      class="m_fae05d6a mantine-Rating-symbolBody"
                    >
                      <svg
                        class="m_5662a89a mantine-Rating-starSymbol"
                        data-filled="true"
                        fill="none"
                        stroke-linecap="round"
                        stroke-linejoin="round"
                        viewBox="0 0 24 24"
                        xmlns="http://www.w3.org/2000/svg"
                      >
                        <path
                          d="M12 17.75l-6.172 3.245l1.179 -6.873l-5 -4.867l6.9 -1l3.086 -6.253l3.086 6.253l6.9 1l-5 4.867l1.179 6.873z"
                        />
                      </svg>
                    </div>
                  </div>
                </div>
                <div
                  class="m_61734bb7 mantine-Rating-symbolGroup"
                >
                  <div
                    data-read-only="true"
                    style="--rating-item-z-index: 0;"
                  >
                    <div
                      class="m_fae05d6a mantine-Rating-symbolBody"
                      style="--rating-symbol-clip-path: inset(0 100% 0 0);"
                    >
                      <svg
                        class="m_5662a89a mantine-Rating-starSymbol"
                        data-filled="true"
                        fill="none"
                        stroke-linecap="round"
                        stroke-linejoin="round"
                        viewBox="0 0 24 24"
                        xmlns="http://www.w3.org/2000/svg"
                      >
                        <path
                          d="M12 17.75l-6.172 3.245l1.179 -6.873l-5 -4.867l6.9 -1l3.086 -6.253l3.086 6.253l6.9 1l-5 4.867l1.179 6.873z"
                        />
                      </svg>
                    </div>
                  </div>
                  <div
                    data-read-only="true"
                  >
                    <div
                      class="m_fae05d6a mantine-Rating-symbolBody"
                    >
                      <svg
                        class="m_5662a89a mantine-Rating-starSymbol"
                        data-filled="true"
                        fill="none"
                        stroke-linecap="round"
                        stroke-linejoin="round"
                        viewBox="0 0 24 24"
                        xmlns="http://www.w3.org/2000/svg"
                      >
                        <path
                          d="M12 17.75l-6.172 3.245l1.179 -6.873l-5 -4.867l6.9 -1l3.086 -6.253l3.086 6.253l6.9 1l-5 4.867l1.179 6.873z"
                        />
                      </svg>
                    </div>
                  </div>
                </div>
                <div
                  class="m_61734bb7 mantine-Rating-symbolGroup"
                >
                  <div
                    data-read-only="true"
                    style="--rating-item-z-index: 0;"
                  >
                    <div
                      class="m_fae05d6a mantine-Rating-symbolBody"
                      style="--rating-symbol-clip-path: inset(0 100% 0 0);"
                    >
                      <svg
                        class="m_5662a89a mantine-Rating-starSymbol"
                        data-filled="true"
                        fill="none"
                        stroke-linecap="round"
                        stroke-linejoin="round"
                        viewBox="0 0 24 24"
                        xmlns="http://www.w3.org/2000/svg"
                      >
                        <path
                          d="M12 17.75l-6.172 3.245l1.179 -6.873l-5 -4.867l6.9 -1l3.086 -6.253l3.086 6.253l6.9 1l-5 4.867l1.179 6.873z"
                        />
                      </svg>
                    </div>
                  </div>
                  <div
                    data-read-only="true"
                  >
                    <div
                      class="m_fae05d6a mantine-Rating-symbolBody"
                    >
                      <svg
                        class="m_5662a89a mantine-Rating-starSymbol"
                        data-filled="true"
                        fill="none"
                        stroke-linecap="round"
                        stroke-linejoin="round"
                        viewBox="0 0 24 24"
                        xmlns="http://www.w3.org/2000/svg"
                      >
                        <path
                          d="M12 17.75l-6.172 3.245l1.179 -6.873l-5 -4.867l6.9 -1l3.086 -6.253l3.086 6.253l6.9 1l-5 4.867l1.179 6.873z"
                        />
                      </svg>
                    </div>
                  </div>
                </div>
                <div
                  class="m_61734bb7 mantine-Rating-symbolGroup"
                >
                  <div
                    data-read-only="true"
                    style="--rating-item-z-index: 2;"
                  >
                    <div
                      class="m_fae05d6a mantine-Rating-symbolBody"
                      style="--rating-symbol-clip-path: inset(0 50% 0 0);"
                    >
                      <svg
                        class="m_5662a89a mantine-Rating-starSymbol"
                        data-filled="true"
                        fill="none"
                        stroke-linecap="round"
                        stroke-linejoin="round"
                        viewBox="0 0 24 24"
                        xmlns="http://www.w3.org/2000/svg"
                      >
                        <path
                          d="M12 17.75l-6.172 3.245l1.179 -6.873l-5 -4.867l6.9 -1l3.086 -6.253l3.086 6.253l6.9 1l-5 4.867l1.179 6.873z"
                        />
                      </svg>
                    </div>
                  </div>
                  <div
                    data-read-only="true"
                  >
                    <div
                      class="m_fae05d6a mantine-Rating-symbolBody"
                    >
                      <svg
                        class="m_5662a89a mantine-Rating-starSymbol"
                        fill="none"
                        stroke-linecap="round"
                        stroke-linejoin="round"
                        viewBox="0 0 24 24"
                        xmlns="http://www.w3.org/2000/svg"
                      >
                        <path
                          d="M12 17.75l-6.172 3.245l1.179 -6.873l-5 -4.867l6.9 -1l3.086 -6.253l3.086 6.253l6.9 1l-5 4.867l1.179 6.873z"
                        />
                      </svg>
                    </div>
                  </div>
                </div>
                <div
                  class="m_61734bb7 mantine-Rating-symbolGroup"
                >
                  <div
                    data-read-only="true"
                    style="--rating-item-z-index: 0;"
                  >
                    <div
                      class="m_fae05d6a mantine-Rating-symbolBody"
                      style="--rating-symbol-clip-path: inset(0 100% 0 0);"
                    >
                      <svg
                        class="m_5662a89a mantine-Rating-starSymbol"
                        fill="none"
                        stroke-linecap="round"
                        stroke-linejoin="round"
                        viewBox="0 0 24 24"
                        xmlns="http://www.w3.org/2000/svg"
                      >
                        <path
                          d="M12 17.75l-6.172 3.245l1.179 -6.873l-5 -4.867l6.9 -1l3.086 -6.253l3.086 6.253l6.9 1l-5 4.867l1.179 6.873z"
                        />
                      </svg>
                    </div>
                  </div>
                  <div
                    data-read-only="true"
                  >
                    <div
                      class="m_fae05d6a mantine-Rating-symbolBody"
                    >
                      <svg
                        class="m_5662a89a mantine-Rating-starSymbol"
                        fill="none"
                        stroke-linecap="round"
                        stroke-linejoin="round"
                        viewBox="0 0 24 24"
                        xmlns="http://www.w3.org/2000/svg"
                      >
                        <path
                          d="M12 17.75l-6.172 3.245l1.179 -6.873l-5 -4.867l6.9 -1l3.086 -6.253l3.086 6.253l6.9 1l-5 4.867l1.179 6.873z"
                        />
                      </svg>
                    </div>
                  </div>
                </div>
              </div>
              <p
                class="mantine-focus-auto m_b6d8b162 mantine-Text-root"
                style="font-weight: 500;"
              >
                3.6
              </p>
            </div>
          </div>
        </div>
      </div>
      <div>
        YourReviewHandler mock
      </div>
      <div>
        BookReview mock
      </div>
    </div>
  </div>
</DocumentFragment>
`;
