// Vitest Snapshot v1, https://vitest.dev/guide/snapshot.html

exports[`Loading > matches snapshot 1`] = `
<DocumentFragment>
  <style
    data-mantine-styles="true"
  >
    :root{--mantine-font-family: Poppins, Roboto, Helvetica, Arial, sans-serif, Apple Color Emoji, Segoe UI Emoji;--mantine-font-family-headings: Poppins, Roboto, Helvetica, Arial, sans-serif, Apple Color Emoji, Segoe UI Emoji;--mantine-breakpoint-xs: 30em;--mantine-breakpoint-md: 64em;--mantine-breakpoint-xl: 90em;--mantine-breakpoint-xxs: 24em;--mantine-color-logo-theme-0: #fefefe;--mantine-color-logo-theme-1: #cbcfd2;--mantine-color-logo-theme-2: #97a0a6;--mantine-color-logo-theme-3: #7d8991;--mantine-color-logo-theme-4: #63717b;--mantine-color-logo-theme-5: #495a65;--mantine-color-logo-theme-6: #2f434f;--mantine-color-logo-theme-7: #132937;--mantine-color-logo-theme-8: #0b202e;--mantine-color-logo-theme-9: #061017;}:root[data-mantine-color-scheme="dark"]{--mantine-color-logo-theme-text: var(--mantine-color-logo-theme-4);--mantine-color-logo-theme-filled: var(--mantine-color-logo-theme-8);--mantine-color-logo-theme-filled-hover: var(--mantine-color-logo-theme-9);--mantine-color-logo-theme-light: rgba(47, 67, 79, 0.15);--mantine-color-logo-theme-light-hover: rgba(47, 67, 79, 0.2);--mantine-color-logo-theme-light-color: var(--mantine-color-logo-theme-3);--mantine-color-logo-theme-outline: var(--mantine-color-logo-theme-4);--mantine-color-logo-theme-outline-hover: rgba(99, 113, 123, 0.05);}:root[data-mantine-color-scheme="light"]{--mantine-color-logo-theme-text: var(--mantine-color-logo-theme-filled);--mantine-color-logo-theme-filled: var(--mantine-color-logo-theme-6);--mantine-color-logo-theme-filled-hover: var(--mantine-color-logo-theme-7);--mantine-color-logo-theme-light: rgba(47, 67, 79, 0.1);--mantine-color-logo-theme-light-hover: rgba(47, 67, 79, 0.12);--mantine-color-logo-theme-light-color: var(--mantine-color-logo-theme-6);--mantine-color-logo-theme-outline: var(--mantine-color-logo-theme-6);--mantine-color-logo-theme-outline-hover: rgba(47, 67, 79, 0.05);}
  </style>
  <style
    data-mantine-styles="classes"
  >
    @media (max-width: 29.99375em) {.mantine-visible-from-xs {display: none !important;}}@media (min-width: 30em) {.mantine-hidden-from-xs {display: none !important;}}@media (max-width: 47.99375em) {.mantine-visible-from-sm {display: none !important;}}@media (min-width: 48em) {.mantine-hidden-from-sm {display: none !important;}}@media (max-width: 63.99375em) {.mantine-visible-from-md {display: none !important;}}@media (min-width: 64em) {.mantine-hidden-from-md {display: none !important;}}@media (max-width: 74.99375em) {.mantine-visible-from-lg {display: none !important;}}@media (min-width: 75em) {.mantine-hidden-from-lg {display: none !important;}}@media (max-width: 89.99375em) {.mantine-visible-from-xl {display: none !important;}}@media (min-width: 90em) {.mantine-hidden-from-xl {display: none !important;}}@media (max-width: 23.99375em) {.mantine-visible-from-xxs {display: none !important;}}@media (min-width: 24em) {.mantine-hidden-from-xxs {display: none !important;}}
  </style>
  <div
    class="m_4451eb3a mantine-Center-root"
    style="margin-block: calc(6.25rem * var(--mantine-scale));"
  >
    <span
      class="m_4e3f22d7 m_5ae2e3c mantine-Loader-root"
      data-size="xl"
      style="--loader-size: var(--loader-size-xl);"
    >
      <span
        class="m_870c4af"
      />
      <span
        class="m_870c4af"
      />
      <span
        class="m_870c4af"
      />
    </span>
  </div>
</DocumentFragment>
`;
