// Vitest Snapshot v1, https://vitest.dev/guide/snapshot.html

exports[`EntriesController > matches snapshot 1`] = `
<DocumentFragment>
  <style
    data-mantine-styles="true"
  >
    :root{--mantine-font-family: Poppins, Roboto, Helvetica, Arial, sans-serif, Apple Color Emoji, Segoe UI Emoji;--mantine-font-family-headings: Poppins, Roboto, Helvetica, Arial, sans-serif, Apple Color Emoji, Segoe UI Emoji;--mantine-breakpoint-xs: 30em;--mantine-breakpoint-md: 64em;--mantine-breakpoint-xl: 90em;--mantine-breakpoint-xxs: 24em;--mantine-color-logo-theme-0: #fefefe;--mantine-color-logo-theme-1: #cbcfd2;--mantine-color-logo-theme-2: #97a0a6;--mantine-color-logo-theme-3: #7d8991;--mantine-color-logo-theme-4: #63717b;--mantine-color-logo-theme-5: #495a65;--mantine-color-logo-theme-6: #2f434f;--mantine-color-logo-theme-7: #132937;--mantine-color-logo-theme-8: #0b202e;--mantine-color-logo-theme-9: #061017;}:root[data-mantine-color-scheme="dark"]{--mantine-color-logo-theme-text: var(--mantine-color-logo-theme-4);--mantine-color-logo-theme-filled: var(--mantine-color-logo-theme-8);--mantine-color-logo-theme-filled-hover: var(--mantine-color-logo-theme-9);--mantine-color-logo-theme-light: rgba(47, 67, 79, 0.15);--mantine-color-logo-theme-light-hover: rgba(47, 67, 79, 0.2);--mantine-color-logo-theme-light-color: var(--mantine-color-logo-theme-3);--mantine-color-logo-theme-outline: var(--mantine-color-logo-theme-4);--mantine-color-logo-theme-outline-hover: rgba(99, 113, 123, 0.05);}:root[data-mantine-color-scheme="light"]{--mantine-color-logo-theme-text: var(--mantine-color-logo-theme-filled);--mantine-color-logo-theme-filled: var(--mantine-color-logo-theme-6);--mantine-color-logo-theme-filled-hover: var(--mantine-color-logo-theme-7);--mantine-color-logo-theme-light: rgba(47, 67, 79, 0.1);--mantine-color-logo-theme-light-hover: rgba(47, 67, 79, 0.12);--mantine-color-logo-theme-light-color: var(--mantine-color-logo-theme-6);--mantine-color-logo-theme-outline: var(--mantine-color-logo-theme-6);--mantine-color-logo-theme-outline-hover: rgba(47, 67, 79, 0.05);}
  </style>
  <style
    data-mantine-styles="classes"
  >
    @media (max-width: 29.99375em) {.mantine-visible-from-xs {display: none !important;}}@media (min-width: 30em) {.mantine-hidden-from-xs {display: none !important;}}@media (max-width: 47.99375em) {.mantine-visible-from-sm {display: none !important;}}@media (min-width: 48em) {.mantine-hidden-from-sm {display: none !important;}}@media (max-width: 63.99375em) {.mantine-visible-from-md {display: none !important;}}@media (min-width: 64em) {.mantine-hidden-from-md {display: none !important;}}@media (max-width: 74.99375em) {.mantine-visible-from-lg {display: none !important;}}@media (min-width: 75em) {.mantine-hidden-from-lg {display: none !important;}}@media (max-width: 89.99375em) {.mantine-visible-from-xl {display: none !important;}}@media (min-width: 90em) {.mantine-hidden-from-xl {display: none !important;}}@media (max-width: 23.99375em) {.mantine-visible-from-xxs {display: none !important;}}@media (min-width: 24em) {.mantine-hidden-from-xxs {display: none !important;}}
  </style>
  <div
    class="_select_5bf5c3 m_46b77525 mantine-InputWrapper-root mantine-Select-root"
  >
    <label
      class="m_8fdc1311 mantine-InputWrapper-label mantine-Select-label"
    >
      Entries
    </label>
    <div
      class="m_6c018570 mantine-Input-wrapper mantine-Select-wrapper"
      data-pointer="true"
      data-variant="default"
      data-with-right-section="true"
      style="--input-right-section-pointer-events: none;"
    >
      <input
        aria-haspopup="listbox"
        aria-invalid="false"
        aria-label="Number of entries"
        autocomplete="off"
        class="m_8fb7ebe7 mantine-Input-input mantine-Select-input"
        data-testid="entries-select"
        data-variant="default"
        readonly=""
        value="10"
      />
      <div
        class="m_82577fc2 mantine-Input-section mantine-Select-section"
        data-position="right"
      >
        <svg
          class="m_2943220b mantine-ComboboxChevron-chevron"
          data-combobox-chevron="true"
          fill="none"
          viewBox="0 0 15 15"
          xmlns="http://www.w3.org/2000/svg"
        >
          <path
            clip-rule="evenodd"
            d="M4.93179 5.43179C4.75605 5.60753 4.75605 5.89245 4.93179 6.06819C5.10753 6.24392 5.39245 6.24392 5.56819 6.06819L7.49999 4.13638L9.43179 6.06819C9.60753 6.24392 9.89245 6.24392 10.0682 6.06819C10.2439 5.89245 10.2439 5.60753 10.0682 5.43179L7.81819 3.18179C7.73379 3.0974 7.61933 3.04999 7.49999 3.04999C7.38064 3.04999 7.26618 3.0974 7.18179 3.18179L4.93179 5.43179ZM10.0682 9.56819C10.2439 9.39245 10.2439 9.10753 10.0682 8.93179C9.89245 8.75606 9.60753 8.75606 9.43179 8.93179L7.49999 10.8636L5.56819 8.93179C5.39245 8.75606 5.10753 8.75606 4.93179 8.93179C4.75605 9.10753 4.75605 9.39245 4.93179 9.56819L7.18179 11.8182C7.35753 11.9939 7.64245 11.9939 7.81819 11.8182L10.0682 9.56819Z"
            fill="currentColor"
            fill-rule="evenodd"
          />
        </svg>
      </div>
    </div>
  </div>
  <input
    type="hidden"
    value="10"
  />
</DocumentFragment>
`;
