// Vitest Snapshot v1, https://vitest.dev/guide/snapshot.html

exports[`Bookcard component > matches snapshot 1`] = `
<DocumentFragment>
  <style
    data-mantine-styles="true"
  >
    :root{--mantine-font-family: Poppins, Roboto, Helvetica, Arial, sans-serif, Apple Color Emoji, Segoe UI Emoji;--mantine-font-family-headings: Poppins, Roboto, Helvetica, Arial, sans-serif, Apple Color Emoji, Segoe UI Emoji;--mantine-breakpoint-xs: 30em;--mantine-breakpoint-md: 64em;--mantine-breakpoint-xl: 90em;--mantine-breakpoint-xxs: 24em;--mantine-color-logo-theme-0: #fefefe;--mantine-color-logo-theme-1: #cbcfd2;--mantine-color-logo-theme-2: #97a0a6;--mantine-color-logo-theme-3: #7d8991;--mantine-color-logo-theme-4: #63717b;--mantine-color-logo-theme-5: #495a65;--mantine-color-logo-theme-6: #2f434f;--mantine-color-logo-theme-7: #132937;--mantine-color-logo-theme-8: #0b202e;--mantine-color-logo-theme-9: #061017;}:root[data-mantine-color-scheme="dark"]{--mantine-color-logo-theme-text: var(--mantine-color-logo-theme-4);--mantine-color-logo-theme-filled: var(--mantine-color-logo-theme-8);--mantine-color-logo-theme-filled-hover: var(--mantine-color-logo-theme-9);--mantine-color-logo-theme-light: rgba(47, 67, 79, 0.15);--mantine-color-logo-theme-light-hover: rgba(47, 67, 79, 0.2);--mantine-color-logo-theme-light-color: var(--mantine-color-logo-theme-3);--mantine-color-logo-theme-outline: var(--mantine-color-logo-theme-4);--mantine-color-logo-theme-outline-hover: rgba(99, 113, 123, 0.05);}:root[data-mantine-color-scheme="light"]{--mantine-color-logo-theme-text: var(--mantine-color-logo-theme-filled);--mantine-color-logo-theme-filled: var(--mantine-color-logo-theme-6);--mantine-color-logo-theme-filled-hover: var(--mantine-color-logo-theme-7);--mantine-color-logo-theme-light: rgba(47, 67, 79, 0.1);--mantine-color-logo-theme-light-hover: rgba(47, 67, 79, 0.12);--mantine-color-logo-theme-light-color: var(--mantine-color-logo-theme-6);--mantine-color-logo-theme-outline: var(--mantine-color-logo-theme-6);--mantine-color-logo-theme-outline-hover: rgba(47, 67, 79, 0.05);}
  </style>
  <style
    data-mantine-styles="classes"
  >
    @media (max-width: 29.99375em) {.mantine-visible-from-xs {display: none !important;}}@media (min-width: 30em) {.mantine-hidden-from-xs {display: none !important;}}@media (max-width: 47.99375em) {.mantine-visible-from-sm {display: none !important;}}@media (min-width: 48em) {.mantine-hidden-from-sm {display: none !important;}}@media (max-width: 63.99375em) {.mantine-visible-from-md {display: none !important;}}@media (min-width: 64em) {.mantine-hidden-from-md {display: none !important;}}@media (max-width: 74.99375em) {.mantine-visible-from-lg {display: none !important;}}@media (min-width: 75em) {.mantine-hidden-from-lg {display: none !important;}}@media (max-width: 89.99375em) {.mantine-visible-from-xl {display: none !important;}}@media (min-width: 90em) {.mantine-hidden-from-xl {display: none !important;}}@media (max-width: 23.99375em) {.mantine-visible-from-xxs {display: none !important;}}@media (min-width: 24em) {.mantine-hidden-from-xxs {display: none !important;}}
  </style>
  <div
    class="_card_0962fe m_e615b15f mantine-Card-root m_1b7284a3 mantine-Paper-root"
    style="--paper-radius: var(--mantine-radius-lg); margin: auto;"
  >
    <div
      class="m_599a2148 mantine-Card-section"
      data-first-section="true"
    >
      <img
        alt="Cover image for A title"
        class="m_9e117634 mantine-Image-root"
        src="https://placehold.co/200x300?text=Cover%20image%20for%20book"
        style="--image-radius: var(--mantine-radius-lg); --image-object-fit: contain; margin: auto; max-width: 100%; max-height: 100%;"
      />
    </div>
    <div
      class="m_599a2148 mantine-Card-section _textSection_0962fe"
      data-last-section="true"
    >
      <h4
        class="mantine-focus-auto _bookTitle_0962fe m_b6d8b162 mantine-Text-root"
        data-line-clamp="true"
        style="--text-line-clamp: 2; font-weight: 600;"
        title="A title"
      >
        A title
      </h4>
      <p
        class="mantine-focus-auto _bookAuthor_0962fe m_b6d8b162 mantine-Text-root"
        data-line-clamp="true"
        data-size="xs"
        style="--text-fz: var(--mantine-font-size-xs); --text-lh: var(--mantine-line-height-xs); --text-line-clamp: 2;"
        title="A name"
      >
        A name 
      </p>
    </div>
  </div>
</DocumentFragment>
`;
