// Vitest Snapshot v1, https://vitest.dev/guide/snapshot.html

exports[`Reviews Component > matches snapshot 1`] = `
<DocumentFragment>
  <style
    data-mantine-styles="true"
  >
    :root{--mantine-font-family: Poppins, -apple-system, BlinkMacSystemFont, Segoe UI, Roboto, Helvetica, Arial, sans-serif, Apple Color Emoji, Segoe UI Emoji;--mantine-font-family-headings: Poppins, -apple-system, BlinkMacSystemFont, Segoe UI, Roboto, Helvetica, Arial, sans-serif, Apple Color Emoji, Segoe UI Emoji;--mantine-breakpoint-xs: 30em;--mantine-breakpoint-md: 64em;--mantine-breakpoint-xl: 90em;--mantine-breakpoint-xxs: 24em;--mantine-color-dark-blue-0: #155896;--mantine-color-dark-blue-1: #124b81;--mantine-color-dark-blue-2: #0f3f6c;--mantine-color-dark-blue-3: #0c3256;--mantine-color-dark-blue-4: #092641;--mantine-color-dark-blue-5: #06192b;--mantine-color-dark-blue-6: #051321;--mantine-color-dark-blue-7: #030d16;--mantine-color-dark-blue-8: #030a11;--mantine-color-dark-blue-9: #02070b;--mantine-color-beige-0: #fcfaf7;--mantine-color-beige-1: #f9f5ef;--mantine-color-beige-2: #f6f0e7;--mantine-color-beige-3: #f2eade;--mantine-color-beige-4: #eee4d3;--mantine-color-beige-5: #e9ddc8;--mantine-color-beige-6: #e2d1b5;--mantine-color-beige-7: #dac5a1;--mantine-color-beige-8: #d4bd94;--mantine-color-beige-9: #6a5f4a;}:root[data-mantine-color-scheme="dark"]{--mantine-color-dark-blue-text: var(--mantine-color-dark-blue-4);--mantine-color-dark-blue-filled: var(--mantine-color-dark-blue-8);--mantine-color-dark-blue-filled-hover: var(--mantine-color-dark-blue-9);--mantine-color-dark-blue-light: rgba(5, 19, 33, 0.15);--mantine-color-dark-blue-light-hover: rgba(5, 19, 33, 0.2);--mantine-color-dark-blue-light-color: var(--mantine-color-dark-blue-3);--mantine-color-dark-blue-outline: var(--mantine-color-dark-blue-4);--mantine-color-dark-blue-outline-hover: rgba(9, 38, 65, 0.05);--mantine-color-beige-text: var(--mantine-color-beige-4);--mantine-color-beige-filled: var(--mantine-color-beige-8);--mantine-color-beige-filled-hover: var(--mantine-color-beige-9);--mantine-color-beige-light: rgba(226, 209, 181, 0.15);--mantine-color-beige-light-hover: rgba(226, 209, 181, 0.2);--mantine-color-beige-light-color: var(--mantine-color-beige-3);--mantine-color-beige-outline: var(--mantine-color-beige-4);--mantine-color-beige-outline-hover: rgba(238, 228, 211, 0.05);}:root[data-mantine-color-scheme="light"]{--mantine-color-dark-blue-text: var(--mantine-color-dark-blue-filled);--mantine-color-dark-blue-filled: var(--mantine-color-dark-blue-6);--mantine-color-dark-blue-filled-hover: var(--mantine-color-dark-blue-7);--mantine-color-dark-blue-light: rgba(5, 19, 33, 0.1);--mantine-color-dark-blue-light-hover: rgba(5, 19, 33, 0.12);--mantine-color-dark-blue-light-color: var(--mantine-color-dark-blue-6);--mantine-color-dark-blue-outline: var(--mantine-color-dark-blue-6);--mantine-color-dark-blue-outline-hover: rgba(5, 19, 33, 0.05);--mantine-color-beige-text: var(--mantine-color-beige-filled);--mantine-color-beige-filled: var(--mantine-color-beige-6);--mantine-color-beige-filled-hover: var(--mantine-color-beige-7);--mantine-color-beige-light: rgba(226, 209, 181, 0.1);--mantine-color-beige-light-hover: rgba(226, 209, 181, 0.12);--mantine-color-beige-light-color: var(--mantine-color-beige-6);--mantine-color-beige-outline: var(--mantine-color-beige-6);--mantine-color-beige-outline-hover: rgba(226, 209, 181, 0.05);}
  </style>
  <style
    data-mantine-styles="classes"
  >
    @media (max-width: 29.99375em) {.mantine-visible-from-xs {display: none !important;}}@media (min-width: 30em) {.mantine-hidden-from-xs {display: none !important;}}@media (max-width: 47.99375em) {.mantine-visible-from-sm {display: none !important;}}@media (min-width: 48em) {.mantine-hidden-from-sm {display: none !important;}}@media (max-width: 63.99375em) {.mantine-visible-from-md {display: none !important;}}@media (min-width: 64em) {.mantine-hidden-from-md {display: none !important;}}@media (max-width: 74.99375em) {.mantine-visible-from-lg {display: none !important;}}@media (min-width: 75em) {.mantine-hidden-from-lg {display: none !important;}}@media (max-width: 89.99375em) {.mantine-visible-from-xl {display: none !important;}}@media (min-width: 90em) {.mantine-hidden-from-xl {display: none !important;}}@media (max-width: 23.99375em) {.mantine-visible-from-xxs {display: none !important;}}@media (min-width: 24em) {.mantine-hidden-from-xxs {display: none !important;}}
  </style>
  <div
    class="_noResultWrapper_8d4f85 m_4081bf90 mantine-Group-root"
    style="--group-gap: var(--mantine-spacing-md); --group-align: center; --group-justify: center; --group-wrap: wrap;"
  >
    <svg
      class="tabler-icon tabler-icon-stars-off "
      fill="none"
      height="24"
      stroke="currentColor"
      stroke-linecap="round"
      stroke-linejoin="round"
      stroke-width="2"
      viewBox="0 0 24 24"
      width="24"
      xmlns="http://www.w3.org/2000/svg"
    >
      <path
        d="M17.373 13.371l.076 -.154a.392 .392 0 0 1 .702 0l.907 1.831m.367 .39c.498 .071 1.245 .18 2.24 .324a.39 .39 0 0 1 .217 .665c-.326 .316 -.57 .553 -.732 .712m-.611 3.405a.39 .39 0 0 1 -.567 .411l-2.172 -1.138l-2.172 1.138a.392 .392 0 0 1 -.568 -.41l.415 -2.411l-1.757 -1.707a.389 .389 0 0 1 .217 -.665l1.601 -.232"
      />
      <path
        d="M6.2 19.817l-2.172 1.138a.392 .392 0 0 1 -.568 -.41l.415 -2.411l-1.757 -1.707a.389 .389 0 0 1 .217 -.665l2.428 -.352l1.086 -2.193a.392 .392 0 0 1 .702 0l1.086 2.193l2.428 .352a.39 .39 0 0 1 .217 .665l-1.757 1.707l.414 2.41a.39 .39 0 0 1 -.567 .411l-2.172 -1.138z"
      />
      <path
        d="M9.557 5.556l1 -.146l1.086 -2.193a.392 .392 0 0 1 .702 0l1.086 2.193l2.428 .352a.39 .39 0 0 1 .217 .665l-1.757 1.707l.414 2.41a.39 .39 0 0 1 -.014 .187m-4.153 -.166l-.744 .39a.392 .392 0 0 1 -.568 -.41l.188 -1.093"
      />
      <path
        d="M3 3l18 18"
      />
    </svg>
    <p
      class="mantine-focus-auto m_b6d8b162 mantine-Text-root"
      data-size="xl"
      style="--text-fz: var(--mantine-font-size-xl); --text-lh: var(--mantine-line-height-xl); margin-block: var(--mantine-spacing-xl); font-weight: 700;"
    >
      No reviews found
    </p>
  </div>
  <div
    class="m_8bffd616 mantine-Flex-root __m__-r50"
    style="gap: var(--mantine-spacing-lg); align-items: center; justify-content: center;"
  />
</DocumentFragment>
`;
