// Vitest Snapshot v1, https://vitest.dev/guide/snapshot.html

exports[`YourReviewCard Component > matches snapshot 1`] = `
<DocumentFragment>
  <style
    data-mantine-styles="true"
  >
    :root{--mantine-font-family: Poppins, Roboto, Helvetica, Arial, sans-serif, Apple Color Emoji, Segoe UI Emoji;--mantine-font-family-headings: Poppins, Roboto, Helvetica, Arial, sans-serif, Apple Color Emoji, Segoe UI Emoji;--mantine-breakpoint-xs: 30em;--mantine-breakpoint-md: 64em;--mantine-breakpoint-xl: 90em;--mantine-breakpoint-xxs: 24em;--mantine-color-logo-theme-0: #fefefe;--mantine-color-logo-theme-1: #cbcfd2;--mantine-color-logo-theme-2: #97a0a6;--mantine-color-logo-theme-3: #7d8991;--mantine-color-logo-theme-4: #63717b;--mantine-color-logo-theme-5: #495a65;--mantine-color-logo-theme-6: #2f434f;--mantine-color-logo-theme-7: #132937;--mantine-color-logo-theme-8: #0b202e;--mantine-color-logo-theme-9: #061017;}:root[data-mantine-color-scheme="dark"]{--mantine-color-logo-theme-text: var(--mantine-color-logo-theme-4);--mantine-color-logo-theme-filled: var(--mantine-color-logo-theme-8);--mantine-color-logo-theme-filled-hover: var(--mantine-color-logo-theme-9);--mantine-color-logo-theme-light: rgba(47, 67, 79, 0.15);--mantine-color-logo-theme-light-hover: rgba(47, 67, 79, 0.2);--mantine-color-logo-theme-light-color: var(--mantine-color-logo-theme-3);--mantine-color-logo-theme-outline: var(--mantine-color-logo-theme-4);--mantine-color-logo-theme-outline-hover: rgba(99, 113, 123, 0.05);}:root[data-mantine-color-scheme="light"]{--mantine-color-logo-theme-text: var(--mantine-color-logo-theme-filled);--mantine-color-logo-theme-filled: var(--mantine-color-logo-theme-6);--mantine-color-logo-theme-filled-hover: var(--mantine-color-logo-theme-7);--mantine-color-logo-theme-light: rgba(47, 67, 79, 0.1);--mantine-color-logo-theme-light-hover: rgba(47, 67, 79, 0.12);--mantine-color-logo-theme-light-color: var(--mantine-color-logo-theme-6);--mantine-color-logo-theme-outline: var(--mantine-color-logo-theme-6);--mantine-color-logo-theme-outline-hover: rgba(47, 67, 79, 0.05);}
  </style>
  <style
    data-mantine-styles="classes"
  >
    @media (max-width: 29.99375em) {.mantine-visible-from-xs {display: none !important;}}@media (min-width: 30em) {.mantine-hidden-from-xs {display: none !important;}}@media (max-width: 47.99375em) {.mantine-visible-from-sm {display: none !important;}}@media (min-width: 48em) {.mantine-hidden-from-sm {display: none !important;}}@media (max-width: 63.99375em) {.mantine-visible-from-md {display: none !important;}}@media (min-width: 64em) {.mantine-hidden-from-md {display: none !important;}}@media (max-width: 74.99375em) {.mantine-visible-from-lg {display: none !important;}}@media (min-width: 75em) {.mantine-hidden-from-lg {display: none !important;}}@media (max-width: 89.99375em) {.mantine-visible-from-xl {display: none !important;}}@media (min-width: 90em) {.mantine-hidden-from-xl {display: none !important;}}@media (max-width: 23.99375em) {.mantine-visible-from-xxs {display: none !important;}}@media (min-width: 24em) {.mantine-hidden-from-xxs {display: none !important;}}
  </style>
  <div
    class="_card_eaa5e4 m_e615b15f mantine-Card-root m_1b7284a3 mantine-Paper-root"
    style="--paper-radius: var(--mantine-radius-lg); margin: auto;"
  >
    <style
      data-mantine-styles="inline"
    >
      .__m__-r1{--grid-gutter:var(--mantine-spacing-md);}
    </style>
    <div
      class="m_410352e9 mantine-Grid-root __m__-r1"
    >
      <div
        class="m_dee7bd2f mantine-Grid-inner"
      >
        <style
          data-mantine-styles="inline"
        >
          .__m__-r3{--col-flex-grow:1;--col-flex-basis:0rem;--col-max-width:100%;}
        </style>
        <div
          class="m_96bdd299 mantine-Grid-col __m__-r3"
        >
          <style
            data-mantine-styles="inline"
          >
            .__m__-r5{--grid-gutter:var(--mantine-spacing-md);}
          </style>
          <div
            class="m_410352e9 mantine-Grid-root __m__-r5"
            style="--grid-justify: flex-start;"
          >
            <div
              class="m_dee7bd2f mantine-Grid-inner"
            >
              <style
                data-mantine-styles="inline"
              >
                .__m__-r7{--col-flex-grow:auto;--col-flex-basis:auto;--col-width:auto;--col-max-width:unset;}
              </style>
              <div
                class="m_96bdd299 mantine-Grid-col __m__-r7"
              >
                <div
                  class="m_6d731127 mantine-Stack-root"
                  style="--stack-gap: 0rem; --stack-align: stretch; --stack-justify: flex-start;"
                >
                  <h4
                    class="mantine-focus-auto _bookTitle_eaa5e4 m_b6d8b162 mantine-Text-root"
                    data-line-clamp="true"
                    style="--text-line-clamp: 2; font-weight: 600;"
                  >
                    Your review
                  </h4>
                  <p
                    class="mantine-focus-auto m_b6d8b162 mantine-Text-root"
                    data-line-clamp="true"
                    data-size="sm"
                    style="--text-fz: var(--mantine-font-size-sm); --text-lh: var(--mantine-line-height-sm); --text-line-clamp: 2; font-weight: 500; font-style: italic;"
                  >
                    Mon Oct 30 2023
                  </p>
                </div>
              </div>
              <style
                data-mantine-styles="inline"
              >
                .__m__-rc{--col-flex-grow:auto;--col-flex-basis:auto;--col-width:auto;--col-max-width:unset;}
              </style>
              <div
                class="m_96bdd299 mantine-Grid-col __m__-rc"
              >
                <div
                  class="m_8bffd616 mantine-Flex-root __m__-re"
                  style="gap: calc(0.4375rem * var(--mantine-scale)); align-items: center; justify-content: center;"
                >
                  <div
                    data-size="sm"
                    style="--rating-size: var(--rating-size-sm); --rating-color: var(--mantine-color-yellow-filled);"
                  >
                    <div
                      class="m_61734bb7 mantine-Rating-symbolGroup"
                    >
                      <div
                        data-read-only="true"
                        style="--rating-item-z-index: 0;"
                      >
                        <div
                          class="m_fae05d6a mantine-Rating-symbolBody"
                          style="--rating-symbol-clip-path: inset(0 100% 0 0);"
                        >
                          <svg
                            class="m_5662a89a mantine-Rating-starSymbol"
                            data-filled="true"
                            fill="none"
                            stroke-linecap="round"
                            stroke-linejoin="round"
                            viewBox="0 0 24 24"
                            xmlns="http://www.w3.org/2000/svg"
                          >
                            <path
                              d="M12 17.75l-6.172 3.245l1.179 -6.873l-5 -4.867l6.9 -1l3.086 -6.253l3.086 6.253l6.9 1l-5 4.867l1.179 6.873z"
                            />
                          </svg>
                        </div>
                      </div>
                      <div
                        data-read-only="true"
                        style="--rating-item-z-index: 0;"
                      >
                        <div
                          class="m_fae05d6a mantine-Rating-symbolBody"
                          style="--rating-symbol-clip-path: inset(0 100% 0 0);"
                        >
                          <svg
                            class="m_5662a89a mantine-Rating-starSymbol"
                            data-filled="true"
                            fill="none"
                            stroke-linecap="round"
                            stroke-linejoin="round"
                            viewBox="0 0 24 24"
                            xmlns="http://www.w3.org/2000/svg"
                          >
                            <path
                              d="M12 17.75l-6.172 3.245l1.179 -6.873l-5 -4.867l6.9 -1l3.086 -6.253l3.086 6.253l6.9 1l-5 4.867l1.179 6.873z"
                            />
                          </svg>
                        </div>
                      </div>
                      <div
                        data-read-only="true"
                      >
                        <div
                          class="m_fae05d6a mantine-Rating-symbolBody"
                        >
                          <svg
                            class="m_5662a89a mantine-Rating-starSymbol"
                            data-filled="true"
                            fill="none"
                            stroke-linecap="round"
                            stroke-linejoin="round"
                            viewBox="0 0 24 24"
                            xmlns="http://www.w3.org/2000/svg"
                          >
                            <path
                              d="M12 17.75l-6.172 3.245l1.179 -6.873l-5 -4.867l6.9 -1l3.086 -6.253l3.086 6.253l6.9 1l-5 4.867l1.179 6.873z"
                            />
                          </svg>
                        </div>
                      </div>
                    </div>
                    <div
                      class="m_61734bb7 mantine-Rating-symbolGroup"
                    >
                      <div
                        data-read-only="true"
                        style="--rating-item-z-index: 0;"
                      >
                        <div
                          class="m_fae05d6a mantine-Rating-symbolBody"
                          style="--rating-symbol-clip-path: inset(0 100% 0 0);"
                        >
                          <svg
                            class="m_5662a89a mantine-Rating-starSymbol"
                            data-filled="true"
                            fill="none"
                            stroke-linecap="round"
                            stroke-linejoin="round"
                            viewBox="0 0 24 24"
                            xmlns="http://www.w3.org/2000/svg"
                          >
                            <path
                              d="M12 17.75l-6.172 3.245l1.179 -6.873l-5 -4.867l6.9 -1l3.086 -6.253l3.086 6.253l6.9 1l-5 4.867l1.179 6.873z"
                            />
                          </svg>
                        </div>
                      </div>
                      <div
                        data-read-only="true"
                      >
                        <div
                          class="m_fae05d6a mantine-Rating-symbolBody"
                        >
                          <svg
                            class="m_5662a89a mantine-Rating-starSymbol"
                            data-filled="true"
                            fill="none"
                            stroke-linecap="round"
                            stroke-linejoin="round"
                            viewBox="0 0 24 24"
                            xmlns="http://www.w3.org/2000/svg"
                          >
                            <path
                              d="M12 17.75l-6.172 3.245l1.179 -6.873l-5 -4.867l6.9 -1l3.086 -6.253l3.086 6.253l6.9 1l-5 4.867l1.179 6.873z"
                            />
                          </svg>
                        </div>
                      </div>
                    </div>
                    <div
                      class="m_61734bb7 mantine-Rating-symbolGroup"
                    >
                      <div
                        data-read-only="true"
                        style="--rating-item-z-index: 0;"
                      >
                        <div
                          class="m_fae05d6a mantine-Rating-symbolBody"
                          style="--rating-symbol-clip-path: inset(0 100% 0 0);"
                        >
                          <svg
                            class="m_5662a89a mantine-Rating-starSymbol"
                            fill="none"
                            stroke-linecap="round"
                            stroke-linejoin="round"
                            viewBox="0 0 24 24"
                            xmlns="http://www.w3.org/2000/svg"
                          >
                            <path
                              d="M12 17.75l-6.172 3.245l1.179 -6.873l-5 -4.867l6.9 -1l3.086 -6.253l3.086 6.253l6.9 1l-5 4.867l1.179 6.873z"
                            />
                          </svg>
                        </div>
                      </div>
                      <div
                        data-read-only="true"
                      >
                        <div
                          class="m_fae05d6a mantine-Rating-symbolBody"
                        >
                          <svg
                            class="m_5662a89a mantine-Rating-starSymbol"
                            fill="none"
                            stroke-linecap="round"
                            stroke-linejoin="round"
                            viewBox="0 0 24 24"
                            xmlns="http://www.w3.org/2000/svg"
                          >
                            <path
                              d="M12 17.75l-6.172 3.245l1.179 -6.873l-5 -4.867l6.9 -1l3.086 -6.253l3.086 6.253l6.9 1l-5 4.867l1.179 6.873z"
                            />
                          </svg>
                        </div>
                      </div>
                    </div>
                    <div
                      class="m_61734bb7 mantine-Rating-symbolGroup"
                    >
                      <div
                        data-read-only="true"
                        style="--rating-item-z-index: 0;"
                      >
                        <div
                          class="m_fae05d6a mantine-Rating-symbolBody"
                          style="--rating-symbol-clip-path: inset(0 100% 0 0);"
                        >
                          <svg
                            class="m_5662a89a mantine-Rating-starSymbol"
                            fill="none"
                            stroke-linecap="round"
                            stroke-linejoin="round"
                            viewBox="0 0 24 24"
                            xmlns="http://www.w3.org/2000/svg"
                          >
                            <path
                              d="M12 17.75l-6.172 3.245l1.179 -6.873l-5 -4.867l6.9 -1l3.086 -6.253l3.086 6.253l6.9 1l-5 4.867l1.179 6.873z"
                            />
                          </svg>
                        </div>
                      </div>
                      <div
                        data-read-only="true"
                      >
                        <div
                          class="m_fae05d6a mantine-Rating-symbolBody"
                        >
                          <svg
                            class="m_5662a89a mantine-Rating-starSymbol"
                            fill="none"
                            stroke-linecap="round"
                            stroke-linejoin="round"
                            viewBox="0 0 24 24"
                            xmlns="http://www.w3.org/2000/svg"
                          >
                            <path
                              d="M12 17.75l-6.172 3.245l1.179 -6.873l-5 -4.867l6.9 -1l3.086 -6.253l3.086 6.253l6.9 1l-5 4.867l1.179 6.873z"
                            />
                          </svg>
                        </div>
                      </div>
                    </div>
                    <div
                      class="m_61734bb7 mantine-Rating-symbolGroup"
                    >
                      <div
                        data-read-only="true"
                        style="--rating-item-z-index: 0;"
                      >
                        <div
                          class="m_fae05d6a mantine-Rating-symbolBody"
                          style="--rating-symbol-clip-path: inset(0 100% 0 0);"
                        >
                          <svg
                            class="m_5662a89a mantine-Rating-starSymbol"
                            fill="none"
                            stroke-linecap="round"
                            stroke-linejoin="round"
                            viewBox="0 0 24 24"
                            xmlns="http://www.w3.org/2000/svg"
                          >
                            <path
                              d="M12 17.75l-6.172 3.245l1.179 -6.873l-5 -4.867l6.9 -1l3.086 -6.253l3.086 6.253l6.9 1l-5 4.867l1.179 6.873z"
                            />
                          </svg>
                        </div>
                      </div>
                      <div
                        data-read-only="true"
                      >
                        <div
                          class="m_fae05d6a mantine-Rating-symbolBody"
                        >
                          <svg
                            class="m_5662a89a mantine-Rating-starSymbol"
                            fill="none"
                            stroke-linecap="round"
                            stroke-linejoin="round"
                            viewBox="0 0 24 24"
                            xmlns="http://www.w3.org/2000/svg"
                          >
                            <path
                              d="M12 17.75l-6.172 3.245l1.179 -6.873l-5 -4.867l6.9 -1l3.086 -6.253l3.086 6.253l6.9 1l-5 4.867l1.179 6.873z"
                            />
                          </svg>
                        </div>
                      </div>
                    </div>
                  </div>
                  <p
                    class="mantine-focus-auto m_b6d8b162 mantine-Text-root"
                    style="font-weight: 500;"
                  >
                    2.0
                  </p>
                </div>
              </div>
              <style
                data-mantine-styles="inline"
              >
                .__m__-r1a{--col-flex-grow:auto;--col-flex-basis:100%;--col-max-width:100%;}
              </style>
              <div
                class="m_96bdd299 mantine-Grid-col __m__-r1a"
              >
                <p
                  class="mantine-focus-auto m_b6d8b162 mantine-Text-root"
                >
                  Great book!
                </p>
              </div>
            </div>
          </div>
        </div>
      </div>
    </div>
  </div>
</DocumentFragment>
`;
